// Jest Snapshot v1, https://goo.gl/fbAQLP

exports[`create-redirects should assemble a redirects file 1`] = `"{\\"redirects\\":[{\\"fromPath\\":\\"/old-url\\",\\"toPath\\":\\"/new-url\\",\\"isPermanent\\":true},{\\"fromPath\\":\\"/url_that_is/not_pretty\\",\\"toPath\\":\\"/pretty/url\\",\\"statusCode\\":201}],\\"rewrites\\":[{\\"fromPath\\":\\"/url_that_is/ugly\\",\\"toPath\\":\\"/not_ugly/url\\"}]}"`;
