// Jest Snapshot v1, https://goo.gl/fbAQLP

exports[`create-redirects should assemble a redirects file 1`] = `
"table redirectsTable {
\\"/old-url\\": \\"/new-url\\"
\\"/url_that_is/not_pretty\\": \\"/pretty/url\\"
}
if (table.lookup(solution_redirects, req.url.path)) {
error 718 \\"redirect\\";
}

    
        if (obj.status == 718 && obj.response == \\"redirect\\" && req.url.path ~ /old-url) {
          set obj.status = 301;
          set obj.http.Location = \\"https://\\" + req.http.host + table.lookup(solution_redirects, req.url.path) + if (req.url.qs, \\"?\\" req.url.qs, \\"\\");
          return (deliver);
        }
      ,
        if (obj.status == 718 && obj.response == \\"redirect\\" && req.url.path ~ /url_that_is/not_pretty) {
          set obj.status = 200;
          set obj.http.Location = \\"https://\\" + req.http.host + table.lookup(solution_redirects, req.url.path) + if (req.url.qs, \\"?\\" req.url.qs, \\"\\");
          return (deliver);
        }
      "
`;
